HOSTNAMES           GRES                                                                            
compute-e-16-189    (null)                                                                          
compute-e-16-183    (null)                                                                          
compute-e-16-244    (null)                                                                          
compute-h-17-54     (null)                                                                          
compute-e-16-184    (null)                                                                          
compute-e-16-178    (null)                                                                          
compute-e-16-179    (null)                                                                          
compute-e-16-180    (null)                                                                          
compute-e-16-181    (null)                                                                          
compute-e-16-182    (null)                                                                          
compute-e-16-186    (null)                                                                          
compute-e-16-187    (null)                                                                          
compute-e-16-188    (null)                                                                          
compute-e-16-191    (null)                                                                          
compute-e-16-193    (null)                                                                          
compute-e-16-238    (null)                                                                          
compute-e-16-239    (null)                                                                          
compute-e-16-240    (null)                                                                          
compute-e-16-242    (null)                                                                          
compute-e-16-243    (null)                                                                          
compute-f-17-09     (null)                                                                          
compute-f-17-11     (null)                                                                          
compute-f-17-12     (null)                                                                          
compute-f-17-13     (null)                                                                          
compute-f-17-14     (null)                                                                          
compute-f-17-16     (null)                                                                          
compute-h-17-50     (null)                                                                          
compute-h-17-51     (null)                                                                          
compute-h-17-52     (null)                                                                          
compute-h-17-53     (null)                                                                          
compute-h-17-55     (null)                                                                          
compute-e-16-185    (null)                                                                          
compute-e-16-190    (null)                                                                          
compute-e-16-192    (null)                                                                          
compute-e-16-241    (null)                                                                          
compute-e-16-245    (null)                                                                          
compute-f-17-10     (null)                                                                          
compute-f-17-15     (null)                                                                          
compute-a-16-42     (null)                                                                          
compute-a-16-79     (null)                                                                          
compute-a-16-107    (null)                                                                          
compute-a-16-122    (null)                                                                          
compute-a-16-153    (null)                                                                          
compute-a-17-110    (null)                                                                          
compute-a-17-78     (null)                                                                          
compute-a-16-35     (null)                                                                          
compute-a-16-36     (null)                                                                          
compute-a-16-37     (null)                                                                          
compute-a-16-38     (null)                                                                          
compute-a-16-39     (null)                                                                          
compute-a-16-40     (null)                                                                          
compute-a-16-41     (null)                                                                          
compute-a-16-43     (null)                                                                          
compute-a-16-49     (null)                                                                          
compute-a-16-50     (null)                                                                          
compute-a-16-51     (null)                                                                          
compute-a-16-52     (null)                                                                          
compute-a-16-53     (null)                                                                          
compute-a-16-54     (null)                                                                          
compute-a-16-59     (null)                                                                          
compute-a-16-60     (null)                                                                          
compute-a-16-61     (null)                                                                          
compute-a-16-62     (null)                                                                          
compute-a-16-63     (null)                                                                          
compute-a-16-64     (null)                                                                          
compute-a-16-65     (null)                                                                          
compute-a-16-67     (null)                                                                          
compute-a-16-69     (null)                                                                          
compute-a-16-70     (null)                                                                          
compute-a-16-71     (null)                                                                          
compute-a-16-72     (null)                                                                          
compute-a-16-73     (null)                                                                          
compute-a-16-74     (null)                                                                          
compute-a-16-77     (null)                                                                          
compute-a-16-78     (null)                                                                          
compute-a-16-80     (null)                                                                          
compute-a-16-81     (null)                                                                          
compute-a-16-82     (null)                                                                          
compute-a-16-83     (null)                                                                          
compute-a-16-84     (null)                                                                          
compute-a-16-85     (null)                                                                          
compute-a-16-86     (null)                                                                          
compute-a-16-87     (null)                                                                          
compute-a-16-88     (null)                                                                          
compute-a-16-89     (null)                                                                          
compute-a-16-90     (null)                                                                          
compute-a-16-91     (null)                                                                          
compute-a-16-92     (null)                                                                          
compute-a-16-93     (null)                                                                          
compute-a-16-99     (null)                                                                          
compute-a-16-100    (null)                                                                          
compute-a-16-101    (null)                                                                          
compute-a-16-102    (null)                                                                          
compute-a-16-103    (null)                                                                          
compute-a-16-104    (null)                                                                          
compute-a-16-105    (null)                                                                          
compute-a-16-110    (null)                                                                          
compute-a-16-111    (null)                                                                          
compute-a-16-112    (null)                                                                          
compute-a-16-113    (null)                                                                          
compute-a-16-114    (null)                                                                          
compute-a-16-115    (null)                                                                          
compute-a-16-116    (null)                                                                          
compute-a-16-117    (null)                                                                          
compute-a-16-118    (null)                                                                          
compute-a-16-119    (null)                                                                          
compute-a-16-120    (null)                                                                          
compute-a-16-121    (null)                                                                          
compute-a-16-126    (null)                                                                          
compute-a-16-127    (null)                                                                          
compute-a-16-130    (null)                                                                          
compute-a-16-131    (null)                                                                          
compute-a-16-132    (null)                                                                          
compute-a-16-134    (null)                                                                          
compute-a-16-135    (null)                                                                          
compute-a-16-136    (null)                                                                          
compute-a-16-138    (null)                                                                          
compute-a-16-142    (null)                                                                          
compute-a-16-143    (null)                                                                          
compute-a-16-144    (null)                                                                          
compute-a-16-145    (null)                                                                          
compute-a-16-146    (null)                                                                          
compute-a-16-147    (null)                                                                          
compute-a-16-148    (null)                                                                          
compute-a-16-149    (null)                                                                          
compute-a-16-150    (null)                                                                          
compute-a-16-151    (null)                                                                          
compute-a-16-152    (null)                                                                          
compute-a-16-154    (null)                                                                          
compute-a-16-155    (null)                                                                          
compute-a-16-162    (null)                                                                          
compute-a-16-163    (null)                                                                          
compute-a-16-168    (null)                                                                          
compute-a-16-169    (null)                                                                          
compute-a-16-170    (null)                                                                          
compute-a-16-171    (null)                                                                          
compute-a-17-56     (null)                                                                          
compute-a-17-57     (null)                                                                          
compute-a-17-58     (null)                                                                          
compute-a-17-59     (null)                                                                          
compute-a-17-61     (null)                                                                          
compute-a-17-62     (null)                                                                          
compute-a-17-63     (null)                                                                          
compute-a-17-64     (null)                                                                          
compute-a-17-65     (null)                                                                          
compute-a-17-66     (null)                                                                          
compute-a-17-68     (null)                                                                          
compute-a-17-72     (null)                                                                          
compute-a-17-73     (null)                                                                          
compute-a-17-74     (null)                                                                          
compute-a-17-75     (null)                                                                          
compute-a-17-81     (null)                                                                          
compute-a-17-83     (null)                                                                          
compute-a-17-85     (null)                                                                          
compute-a-17-86     (null)                                                                          
compute-a-17-87     (null)                                                                          
compute-a-17-88     (null)                                                                          
compute-a-17-89     (null)                                                                          
compute-a-17-90     (null)                                                                          
compute-a-17-91     (null)                                                                          
compute-a-17-92     (null)                                                                          
compute-a-17-93     (null)                                                                          
compute-a-17-94     (null)                                                                          
compute-a-17-95     (null)                                                                          
compute-a-17-96     (null)                                                                          
compute-a-17-97     (null)                                                                          
compute-a-17-98     (null)                                                                          
compute-a-17-99     (null)                                                                          
compute-a-17-100    (null)                                                                          
compute-a-17-101    (null)                                                                          
compute-a-17-102    (null)                                                                          
compute-a-17-103    (null)                                                                          
compute-a-17-104    (null)                                                                          
compute-a-17-108    (null)                                                                          
compute-a-17-109    (null)                                                                          
compute-a-17-111    (null)                                                                          
compute-a-17-112    (null)                                                                          
compute-a-17-113    (null)                                                                          
compute-a-17-114    (null)                                                                          
compute-a-17-115    (null)                                                                          
compute-a-17-117    (null)                                                                          
compute-a-17-118    (null)                                                                          
compute-a-17-119    (null)                                                                          
compute-a-17-121    (null)                                                                          
compute-a-17-122    (null)                                                                          
compute-a-17-123    (null)                                                                          
compute-a-17-125    (null)                                                                          
compute-a-17-132    (null)                                                                          
compute-a-17-137    (null)                                                                          
compute-a-17-138    (null)                                                                          
compute-a-17-139    (null)                                                                          
compute-a-17-140    (null)                                                                          
compute-a-17-141    (null)                                                                          
compute-a-17-142    (null)                                                                          
compute-a-17-143    (null)                                                                          
compute-e-16-198    (null)                                                                          
compute-e-16-199    (null)                                                                          
compute-e-16-200    (null)                                                                          
compute-e-16-201    (null)                                                                          
compute-e-16-202    (null)                                                                          
compute-e-16-203    (null)                                                                          
compute-e-16-204    (null)                                                                          
compute-e-16-205    (null)                                                                          
compute-e-16-206    (null)                                                                          
compute-e-16-207    (null)                                                                          
compute-e-16-208    (null)                                                                          
compute-e-16-209    (null)                                                                          
compute-e-16-210    (null)                                                                          
compute-e-16-211    (null)                                                                          
compute-e-16-212    (null)                                                                          
compute-e-16-213    (null)                                                                          
compute-e-16-246    (null)                                                                          
compute-e-16-247    (null)                                                                          
compute-e-16-248    (null)                                                                          
compute-e-16-249    (null)                                                                          
compute-e-16-250    (null)                                                                          
compute-e-16-251    (null)                                                                          
compute-e-16-252    (null)                                                                          
compute-e-16-253    (null)                                                                          
compute-f-17-17     (null)                                                                          
compute-f-17-18     (null)                                                                          
compute-f-17-19     (null)                                                                          
compute-f-17-20     (null)                                                                          
compute-f-17-23     (null)                                                                          
compute-f-17-24     (null)                                                                          
compute-f-17-25     (null)                                                                          
compute-a-16-44     (null)                                                                          
compute-a-16-45     (null)                                                                          
compute-a-16-46     (null)                                                                          
compute-a-16-47     (null)                                                                          
compute-a-16-48     (null)                                                                          
compute-a-16-55     (null)                                                                          
compute-a-16-75     (null)                                                                          
compute-a-16-76     (null)                                                                          
compute-a-16-95     (null)                                                                          
compute-a-16-96     (null)                                                                          
compute-a-16-97     (null)                                                                          
compute-a-16-98     (null)                                                                          
compute-a-16-108    (null)                                                                          
compute-a-16-123    (null)                                                                          
compute-a-16-124    (null)                                                                          
compute-a-16-125    (null)                                                                          
compute-a-16-128    (null)                                                                          
compute-a-16-129    (null)                                                                          
compute-a-16-137    (null)                                                                          
compute-a-16-139    (null)                                                                          
compute-a-16-160    (null)                                                                          
compute-a-16-161    (null)                                                                          
compute-a-16-164    (null)                                                                          
compute-a-16-165    (null)                                                                          
compute-a-16-166    (null)                                                                          
compute-a-16-167    (null)                                                                          
compute-a-17-67     (null)                                                                          
compute-a-17-69     (null)                                                                          
compute-a-17-70     (null)                                                                          
compute-a-17-79     (null)                                                                          
compute-a-17-120    (null)                                                                          
compute-a-17-126    (null)                                                                          
compute-a-17-127    (null)                                                                          
compute-a-17-128    (null)                                                                          
compute-a-17-129    (null)                                                                          
compute-a-17-130    (null)                                                                          
compute-a-17-131    (null)                                                                          
compute-f-17-21     (null)                                                                          
compute-f-17-22     (null)                                                                          
compute-a-16-56     (null)                                                                          
compute-a-16-57     (null)                                                                          
compute-a-16-58     (null)                                                                          
compute-a-16-66     (null)                                                                          
compute-a-16-68     (null)                                                                          
compute-a-16-94     (null)                                                                          
compute-a-16-106    (null)                                                                          
compute-a-16-133    (null)                                                                          
compute-a-16-140    (null)                                                                          
compute-a-16-141    (null)                                                                          
compute-a-17-60     (null)                                                                          
compute-a-17-71     (null)                                                                          
compute-a-17-76     (null)                                                                          
compute-a-17-77     (null)                                                                          
compute-a-17-80     (null)                                                                          
compute-a-17-82     (null)                                                                          
compute-a-17-84     (null)                                                                          
compute-a-17-105    (null)                                                                          
compute-a-17-106    (null)                                                                          
compute-a-17-107    (null)                                                                          
compute-a-17-116    (null)                                                                          
compute-a-17-124    (null)                                                                          
compute-a-17-133    (null)                                                                          
compute-a-17-134    (null)                                                                          
compute-a-17-135    (null)                                                                          
compute-a-17-136    (null)                                                                          
compute-a-16-109    (null)                                                                          
compute-e-16-226    (null)                                                                          
compute-e-16-214    (null)                                                                          
compute-e-16-216    (null)                                                                          
compute-e-16-217    (null)                                                                          
compute-e-16-218    (null)                                                                          
compute-e-16-219    (null)                                                                          
compute-e-16-220    (null)                                                                          
compute-e-16-221    (null)                                                                          
compute-e-16-222    (null)                                                                          
compute-e-16-223    (null)                                                                          
compute-e-16-224    (null)                                                                          
compute-e-16-225    (null)                                                                          
compute-e-16-227    (null)                                                                          
compute-e-16-228    (null)                                                                          
compute-e-16-234    (null)                                                                          
compute-e-16-235    (null)                                                                          
compute-e-16-229    (null)                                                                          
compute-e-16-230    (null)                                                                          
compute-e-16-233    (null)                                                                          
compute-e-16-236    (null)                                                                          
compute-e-16-237    (null)                                                                          
compute-e-16-231    (null)                                                                          
compute-g-16-176    gpu:teslaM40:4,vram:no_consume:12G                                              
compute-g-16-177    gpu:teslaK80:8,vram:no_consume:12G                                              
compute-g-16-254    gpu:teslaV100:4,vram:no_consume:16G                                             
compute-g-16-175    gpu:teslaM40:4,vram:no_consume:24G                                              
compute-g-16-194    gpu:teslaK80:8,vram:no_consume:12G                                              
compute-g-16-255    gpu:teslaV100:4,vram:no_consume:16G                                             
compute-g-17-153    gpu:rtx8000:3,vram:no_consume:48G                                               
compute-g-17-145    gpu:rtx8000:10,vram:no_consume:48G                                              
compute-g-17-146    gpu:rtx8000:10,vram:no_consume:48G                                              
compute-g-17-147    gpu:teslaV100s:4,vram:no_consume:32G                                            
compute-g-17-148    gpu:teslaV100s:4,vram:no_consume:32G                                            
compute-g-17-149    gpu:teslaV100s:4,vram:no_consume:32G                                            
compute-g-17-150    gpu:teslaV100s:4,vram:no_consume:32G                                            
compute-g-17-151    gpu:teslaV100s:4,vram:no_consume:32G                                            
compute-g-17-152    gpu:teslaV100s:4,vram:no_consume:32G                                            
compute-g-17-154    gpu:rtx8000:3,vram:no_consume:48G                                               
compute-g-17-155    gpu:rtx8000:3,vram:no_consume:48G                                               
compute-g-17-156    gpu:rtx8000:3,vram:no_consume:48G                                               
compute-g-17-157    gpu:rtx8000:3,vram:no_consume:48G                                               
compute-g-17-158    gpu:rtx8000:3,vram:no_consume:48G                                               
compute-g-17-159    gpu:rtx8000:3,vram:no_consume:48G                                               
compute-g-17-160    gpu:rtx8000:3,vram:no_consume:48G                                               
compute-g-17-161    gpu:rtx8000:3,vram:no_consume:48G                                               
compute-g-17-162    gpu:a40:4,vram:no_consume:48G                                                   
compute-g-17-163    gpu:a40:4,vram:no_consume:48G                                                   
compute-g-17-164    gpu:a100:4,vram:no_consume:80G                                                  
compute-g-17-165    gpu:a100.mig:8,vram:no_consume:40G                                              
compute-g-17-166    gpu:l40s:4,vram:no_consume:48G                                                  
compute-g-17-167    gpu:l40s:4,vram:no_consume:48G                                                  
compute-g-17-168    gpu:l40s:4,vram:no_consume:48G                                                  
compute-g-17-169    gpu:l40s:4,vram:no_consume:48G                                                  
compute-g-17-170    gpu:l40s:4,vram:no_consume:48G                                                  
compute-g-17-171    gpu:l40s:4,vram:no_consume:48G                                                  
compute-gc-17-245   gpu:rtx6000:10,vram:no_consume:24G                                              
compute-gc-17-246   gpu:rtx6000:10,vram:no_consume:24G                                              
compute-gc-17-244   gpu:l40:2,vram:no_consume:45G                                                   
compute-gc-17-255   gpu:a100:8,vram:no_consume:80G                                                  
compute-gc-17-247   gpu:rtx6000:8,vram:no_consume:24G                                               
compute-gc-17-248   gpu:titanx:8,vram:no_consume:12G                                                
compute-gc-17-249   gpu:a100:2,vram:no_consume:40G                                                  
compute-gc-17-250   gpu:titanx:8,vram:no_consume:12G                                                
compute-gc-17-251   gpu:titanx:8,vram:no_consume:12G                                                
compute-gc-17-252   gpu:a100:4,vram:no_consume:80G                                                  
compute-gc-17-253   gpu:a100:4,vram:no_consume:80G                                                  
compute-gc-17-254   gpu:a100:4,vram:no_consume:80G                                                  
compute-gc-17-241   gpu:l40s:4,vram:no_consume:48G                                                  
compute-gc-17-242   gpu:l40s:4,vram:no_consume:48G                                                  
compute-gc-17-243   gpu:l40s:4,vram:no_consume:48G                                                  
compute-g-16-197    gpu:teslaM40:2,vram:no_consume:12G                                              
